------------------------------------------------------------
Timing Analyzer Summary
------------------------------------------------------------

Type  : Slow 1100mV 100C Model Setup 'clk'
Slack : -0.657
TNS   : -3.493

Type  : Slow 1100mV 100C Model Hold 'clk'
Slack : 0.341
TNS   : 0.000

Type  : Slow 1100mV 100C Model Recovery 'clk'
Slack : -0.466
TNS   : -2.775

Type  : Slow 1100mV 100C Model Removal 'clk'
Slack : 0.937
TNS   : 0.000

Type  : Slow 1100mV 100C Model Minimum Pulse Width 'clk'
Slack : -0.538
TNS   : -6.936

Type  : Slow 1100mV -40C Model Setup 'clk'
Slack : -0.704
TNS   : -3.985

Type  : Slow 1100mV -40C Model Hold 'clk'
Slack : 0.326
TNS   : 0.000

Type  : Slow 1100mV -40C Model Recovery 'clk'
Slack : -0.381
TNS   : -2.263

Type  : Slow 1100mV -40C Model Removal 'clk'
Slack : 0.888
TNS   : 0.000

Type  : Slow 1100mV -40C Model Minimum Pulse Width 'clk'
Slack : -0.538
TNS   : -7.477

Type  : Fast 1100mV 100C Model Setup 'clk'
Slack : 0.184
TNS   : 0.000

Type  : Fast 1100mV 100C Model Hold 'clk'
Slack : 0.182
TNS   : 0.000

Type  : Fast 1100mV 100C Model Recovery 'clk'
Slack : 0.322
TNS   : 0.000

Type  : Fast 1100mV 100C Model Removal 'clk'
Slack : 0.434
TNS   : 0.000

Type  : Fast 1100mV 100C Model Minimum Pulse Width 'clk'
Slack : -0.079
TNS   : -0.704

Type  : Fast 1100mV -40C Model Setup 'clk'
Slack : 0.248
TNS   : 0.000

Type  : Fast 1100mV -40C Model Hold 'clk'
Slack : 0.157
TNS   : 0.000

Type  : Fast 1100mV -40C Model Recovery 'clk'
Slack : 0.397
TNS   : 0.000

Type  : Fast 1100mV -40C Model Removal 'clk'
Slack : 0.378
TNS   : 0.000

Type  : Fast 1100mV -40C Model Minimum Pulse Width 'clk'
Slack : -0.084
TNS   : -0.748

------------------------------------------------------------
